--------------------------------------------------------------------------------
Release 6.3.03i Trace G.38
Copyright (c) 1995-2004 Xilinx, Inc.  All rights reserved.

D:/Xilinx/bin/nt/trce.exe -intstyle ise -e 3 -l 3 -xml commander commander.ncd
-o commander.twr commander.pcf


Design file:              commander.ncd
Physical constraint file: commander.pcf
Device,speed:             xc2s50,-6 (PRODUCTION 1.27 2004-06-25)
Report level:             error report

Environment Variable      Effect 
--------------------      ------ 
NONE                      No environment variables were set
--------------------------------------------------------------------------------

INFO:Timing:2698 - No timing constraints found, doing default enumeration.
INFO:Timing:2752 - To get complete path coverage, use the unconstrained paths
   option. All paths that are not constrained will be reported in the
   unconstrained paths section(s) of the report.


Data Sheet report:
-----------------
All values displayed in nanoseconds (ns)

Clock clkx to Pad
------------+------------+------------------+--------+
            | clk (edge) |                  |  Clock |
Destination | to PAD     |Internal Clock(s) |  Phase |
------------+------------+------------------+--------+
wr          |   10.898(R)|clkx_BUFGP        |   0.000|
------------+------------+------------------+--------+

Clock to Setup on destination clock clkx
---------------+---------+---------+---------+---------+
               | Src:Rise| Src:Fall| Src:Rise| Src:Fall|
Source Clock   |Dest:Rise|Dest:Rise|Dest:Fall|Dest:Fall|
---------------+---------+---------+---------+---------+
clkx           |    9.231|         |         |         |
---------------+---------+---------+---------+---------+

Analysis completed Thu May 10 18:16:38 2007
--------------------------------------------------------------------------------

Peak Memory Usage: 47 MB
